
Allocating common symbols
Common symbol       size              file

interrupt_stacks    0x10              kernel/interrupt.o
thread_table        0x800             kernel/thread.o
open_sockets        0x700             net/socket.o
process_table_slock
                    0x4               proc/process.o
open_sockets_sem    0x4               net/socket.o
scheduler_current_thread
                    0x10              kernel/scheduler.o
process_table       0x500             proc/process.o
thread_stack_areas  0x20000           kernel/thread.o
thread_table_slock  0x4               kernel/thread.o
network_interfaces  0x30              net/network.o

Discarded input sections

 .reginfo       0x0000000000000000       0x18 kernel/cswitch.o
 .reginfo       0x0000000000000000       0x18 kernel/_interrupt.o
 .reginfo       0x0000000000000000       0x18 kernel/_spinlock.o
 .reginfo       0x0000000000000000       0x18 kernel/idle.o
 .reginfo       0x0000000000000000       0x18 lib/rand.o
 .reginfo       0x0000000000000000       0x18 drivers/_timer.o
 .reginfo       0x0000000000000000       0x18 vm/_tlb.o
 .reginfo       0x0000000000000000       0x18 init/main.o
 .reginfo       0x0000000000000000       0x18 kernel/panic.o
 .reginfo       0x0000000000000000       0x18 kernel/kmalloc.o
 .reginfo       0x0000000000000000       0x18 kernel/interrupt.o
 .reginfo       0x0000000000000000       0x18 kernel/thread.o
 .reginfo       0x0000000000000000       0x18 kernel/scheduler.o
 .reginfo       0x0000000000000000       0x18 kernel/sleepq.o
 .reginfo       0x0000000000000000       0x18 kernel/semaphore.o
 .reginfo       0x0000000000000000       0x18 kernel/exception.o
 .reginfo       0x0000000000000000       0x18 kernel/halt.o
 .reginfo       0x0000000000000000       0x18 lib/libc.o
 .reginfo       0x0000000000000000       0x18 lib/xprintf.o
 .reginfo       0x0000000000000000       0x18 lib/bitmap.o
 .reginfo       0x0000000000000000       0x18 lib/debug.o
 .reginfo       0x0000000000000000       0x18 drivers/polltty.o
 .reginfo       0x0000000000000000       0x18 drivers/timer.o
 .reginfo       0x0000000000000000       0x18 drivers/bootargs.o
 .reginfo       0x0000000000000000       0x18 drivers/device.o
 .reginfo       0x0000000000000000       0x18 drivers/drivers.o
 .reginfo       0x0000000000000000       0x18 drivers/tty.o
 .reginfo       0x0000000000000000       0x18 drivers/disk.o
 .reginfo       0x0000000000000000       0x18 drivers/disksched.o
 .reginfo       0x0000000000000000       0x18 drivers/metadev.o
 .reginfo       0x0000000000000000       0x18 proc/exception.o
 .reginfo       0x0000000000000000       0x18 proc/elf.o
 .reginfo       0x0000000000000000       0x18 proc/process.o
 .reginfo       0x0000000000000000       0x18 proc/syscall.o
 .reginfo       0x0000000000000000       0x18 proc/usr_semaphore.o
 .reginfo       0x0000000000000000       0x18 vm/vm.o
 .reginfo       0x0000000000000000       0x18 vm/pagepool.o
 .reginfo       0x0000000000000000       0x18 vm/tlb.o
 .reginfo       0x0000000000000000       0x18 fs/vfs.o
 .reginfo       0x0000000000000000       0x18 fs/tfs.o
 .reginfo       0x0000000000000000       0x18 fs/filesystems.o
 .reginfo       0x0000000000000000       0x18 net/network.o
 .reginfo       0x0000000000000000       0x18 net/protocols.o
 .reginfo       0x0000000000000000       0x18 net/socket.o
 .reginfo       0x0000000000000000       0x18 net/pop.o

Memory Configuration

Name             Origin             Length             Attributes
*default*        0x0000000000000000 0xffffffffffffffff

Linker script and memory map

                0x0000000080010000                . = 0x80010000

.text           0x0000000080010000     0xa474
 *(.text)
 .text          0x0000000080010000       0x60 init/_boot.o
                0x0000000080010000                _start
 .text          0x0000000080010060      0x350 kernel/cswitch.o
                0x0000000080010060                _cswitch_vector_code
                0x0000000080010080                _cswitch_switch
                0x0000000080010388                _cswitch_to_userland
 .text          0x00000000800103b0      0x120 kernel/_interrupt.o
                0x00000000800103b0                _interrupt_disable
                0x00000000800103cc                _interrupt_enable
                0x00000000800103e4                _interrupt_set_state
                0x0000000080010408                _interrupt_get_state
                0x0000000080010414                _interrupt_generate_sw0
                0x000000008001042c                _interrupt_clear_sw
                0x0000000080010444                _interrupt_clear_sw0
                0x000000008001045c                _interrupt_clear_sw1
                0x0000000080010474                _interrupt_clear_bootstrap
                0x0000000080010490                _interrupt_getcpu
                0x00000000800104a0                _interrupt_clear_EXL
                0x00000000800104b8                _interrupt_set_EXL
 .text          0x00000000800104d0       0x30 kernel/_spinlock.o
                0x00000000800104d0                spinlock_reset
                0x00000000800104d0                spinlock_release
                0x00000000800104dc                spinlock_acquire
 .text          0x0000000080010500        0xc kernel/idle.o
                0x0000000080010500                _idle_thread_wait_loop
 .text          0x000000008001050c       0x4c lib/rand.o
                0x000000008001050c                _set_rand_seed
                0x000000008001051c                _get_rand
 .text          0x0000000080010558       0x14 drivers/_timer.o
                0x0000000080010558                _timer_set_ticks
 .text          0x000000008001056c      0x15c vm/_tlb.o
                0x000000008001056c                _tlb_get_exception_state
                0x0000000080010590                _tlb_set_asid
                0x00000000800105b0                _tlb_get_maxindex
                0x00000000800105c4                _tlb_probe
                0x00000000800105dc                _tlb_read
                0x0000000080010640                _tlb_write
                0x00000000800106a4                _tlb_write_random
 .text          0x00000000800106c8      0x4ec init/main.o
                0x00000000800106c8                init_startup_fallback
                0x0000000080010880                init_startup_thread
                0x000000008001095c                init
 .text          0x0000000080010bb4       0x68 kernel/panic.o
                0x0000000080010bb4                _kernel_panic
 .text          0x0000000080010c1c      0x258 kernel/kmalloc.o
                0x0000000080010c1c                kmalloc_get_numpages
                0x0000000080010ca0                kmalloc_get_reserved_pages
                0x0000000080010cc8                kmalloc_disable
                0x0000000080010cd8                kmalloc_init
                0x0000000080010d50                kmalloc
 .text          0x0000000080010e74      0x338 kernel/interrupt.o
                0x0000000080010e74                interrupt_init
                0x0000000080010f94                interrupt_register
                0x0000000080011064                interrupt_handle
 .text          0x00000000800111ac      0x40c kernel/thread.o
                0x00000000800111ac                thread_table_init
                0x000000008001124c                thread_create
                0x00000000800113ec                thread_run
                0x00000000800113f4                thread_switch
                0x0000000080011420                thread_get_current_thread
                0x0000000080011470                thread_finish
                0x0000000080011524                thread_get_current_thread_entry
                0x0000000080011580                thread_goto_userland
 .text          0x00000000800115b8      0x328 kernel/scheduler.o
                0x00000000800115b8                scheduler_init
                0x00000000800115d4                scheduler_add_to_ready_list
                0x00000000800116c0                scheduler_add_ready
                0x0000000080011730                scheduler_schedule
 .text          0x00000000800118e0      0x48c kernel/sleepq.o
                0x00000000800118e0                sleepq_init
                0x000000008001190c                sleepq_add
                0x0000000080011a64                sleepq_wake
                0x0000000080011bd4                sleepq_wake_all
 .text          0x0000000080011d6c      0x2a4 kernel/semaphore.o
                0x0000000080011d6c                semaphore_init
                0x0000000080011db4                semaphore_create
                0x0000000080011efc                semaphore_destroy
                0x0000000080011f08                semaphore_P
                0x0000000080011f90                semaphore_V
 .text          0x0000000080012010      0x248 kernel/exception.o
                0x0000000080012048                kernel_exception_handle
 .text          0x0000000080012258       0x3c kernel/halt.o
                0x0000000080012258                halt_kernel
 .text          0x0000000080012294      0x3d4 lib/libc.o
                0x0000000080012294                kwrite
                0x00000000800122dc                kread
                0x0000000080012350                stringcmp
                0x00000000800123b8                stringcopy
                0x0000000080012454                memcopy
                0x0000000080012520                memoryset
                0x0000000080012548                atoi
                0x000000008001262c                strlen
 .text          0x0000000080012668      0xa10 lib/xprintf.o
                0x0000000080012f0c                kvprintf
                0x0000000080012f94                kprintf
                0x0000000080013024                vsnprintf
                0x0000000080013048                snprintf
 .text          0x0000000080013078      0x3b8 lib/bitmap.o
                0x0000000080013078                bitmap_sizeof
                0x00000000800130a0                bitmap_init
                0x0000000080013128                bitmap_get
                0x00000000800131f8                bitmap_set
                0x0000000080013318                bitmap_findnset
 .text          0x0000000080013430       0x44 lib/debug.o
                0x0000000080013430                DEBUG
 .text          0x0000000080013474       0xe8 drivers/polltty.o
                0x0000000080013474                polltty_init
                0x00000000800134d4                polltty_getchar
                0x0000000080013514                polltty_putchar
 .text          0x000000008001355c       0x34 drivers/timer.o
                0x000000008001355c                timer_set_ticks
 .text          0x0000000080013590      0x27c drivers/bootargs.o
                0x0000000080013590                bootargs_init
                0x0000000080013778                bootargs_get
 .text          0x000000008001380c      0x1e4 drivers/device.o
                0x000000008001380c                device_init
                0x0000000080013990                device_get
 .text          0x00000000800139f0        0x0 drivers/drivers.o
 .text          0x00000000800139f0      0x7c4 drivers/tty.o
                0x0000000080013d7c                tty_interrupt_handle
                0x0000000080013ff4                tty_init
 .text          0x00000000800141b4      0x578 drivers/disk.o
                0x0000000080014600                disk_init
 .text          0x000000008001472c       0x3c drivers/disksched.o
                0x000000008001472c                disksched_schedule
 .text          0x0000000080014768      0x484 drivers/metadev.o
                0x00000000800147f4                cpustatus_interrupt_handle
                0x0000000080014880                rtc_init
                0x00000000800148f0                rtc_get_msec
                0x0000000080014908                rtc_get_clockspeed
                0x0000000080014920                meminfo_init
                0x0000000080014990                meminfo_get_pages
                0x00000000800149a8                cpustatus_init
                0x0000000080014a48                cpustatus_count
                0x0000000080014a90                cpustatus_generate_irq
                0x0000000080014b10                shutdown_init
                0x0000000080014b80                shutdown
 .text          0x0000000080014bec      0x204 proc/exception.o
                0x0000000080014bec                user_exception_handle
 .text          0x0000000080014df0      0x22c proc/elf.o
                0x0000000080014df0                elf_parse_header
 .text          0x000000008001501c      0xc1c proc/process.o
                0x000000008001501c                process_start
                0x00000000800155c0                process_reset
                0x00000000800155e8                process_init
                0x0000000080015634                alloc_process_id
                0x00000000800156e8                process_spawn
                0x00000000800157f4                process_get_current_process
                0x0000000080015814                process_get_current_process_entry
                0x000000008001584c                process_join
                0x0000000080015a1c                finish_given_process
                0x0000000080015ba0                process_finish
 .text          0x0000000080015c38      0x390 proc/syscall.o
                0x0000000080015c38                syscall_write
                0x0000000080015cb0                syscall_read
                0x0000000080015d20                syscall_memlimit
                0x0000000080015e40                syscall_handle
 .text          0x0000000080015fc8      0x330 proc/usr_semaphore.o
                0x0000000080015fc8                usr_semaphore_init
                0x0000000080016030                syscall_sem_open
                0x00000000800161cc                syscall_sem_p
                0x00000000800161f0                syscall_sem_v
                0x0000000080016214                syscall_sem_destroy
 .text          0x00000000800162f8      0x550 vm/vm.o
                0x00000000800162f8                vm_init
                0x0000000080016314                vm_create_pagetable
                0x0000000080016360                vm_destroy_pagetable
                0x0000000080016370                vm_map
                0x00000000800166a0                vm_unmap
                0x00000000800166a8                vm_set_dirty
 .text          0x0000000080016848      0x278 vm/pagepool.o
                0x0000000080016848                pagepool_init
                0x000000008001691c                pagepool_get_phys_page
                0x00000000800169e8                pagepool_free_phys_page
 .text          0x0000000080016ac0      0x410 vm/tlb.o
                0x0000000080016af8                tlb_modified_exception
                0x0000000080016b54                tlb_load_exception
                0x0000000080016ccc                tlb_store_exception
                0x0000000080016e44                tlb_fill
 .text          0x0000000080016ed0     0x1150 fs/vfs.o
                0x0000000080017214                vfs_init
                0x000000008001730c                vfs_deinit
                0x0000000080017478                vfs_mount
                0x000000008001760c                vfs_mount_fs
                0x000000008001770c                vfs_mount_all
                0x0000000080017794                vfs_unmount
                0x0000000080017908                vfs_open
                0x0000000080017ae4                vfs_close
                0x0000000080017b74                vfs_seek
                0x0000000080017c18                vfs_read
                0x0000000080017cf8                vfs_write
                0x0000000080017dd8                vfs_create
                0x0000000080017ec4                vfs_remove
                0x0000000080017f84                vfs_getfree
 .text          0x0000000080018020     0x103c fs/tfs.o
                0x0000000080018020                tfs_close
                0x0000000080018028                tfs_unmount
                0x0000000080018080                tfs_open
                0x0000000080018188                tfs_create
                0x00000000800184e4                tfs_remove
                0x0000000080018770                tfs_read
                0x0000000080018a08                tfs_write
                0x0000000080018d48                tfs_getfree
                0x0000000080018e1c                tfs_init
 .text          0x000000008001905c       0xac fs/filesystems.o
                0x000000008001905c                filesystems_try_all
 .text          0x0000000080019108      0x5c4 net/network.o
                0x0000000080019228                network_init
                0x000000008001939c                network_get_source_address
                0x00000000800193d4                network_get_broadcast_address
                0x00000000800193dc                network_get_loopback_address
                0x00000000800193e4                network_get_mtu
                0x00000000800194b8                network_send
                0x00000000800196bc                network_free_frame
 .text          0x00000000800196cc       0xc4 net/protocols.o
                0x00000000800196cc                protocols_get_frame_handler
                0x0000000080019734                protocols_init
 .text          0x0000000080019790      0x358 net/socket.o
                0x0000000080019790                socket_init
                0x0000000080019850                socket_open
                0x0000000080019a38                socket_close
 .text          0x0000000080019ae8      0x98c net/pop.o
                0x0000000080019df0                socket_sendto
                0x0000000080019fec                socket_recvfrom
                0x000000008001a154                pop_init
                0x000000008001a2a8                pop_push_frame

.rodata         0x000000008001a474     0x1660
 *(.rodata .rodata.*)
 .rodata.str1.4
                0x000000008001a474      0x4fd init/main.o
                                        0x504 (size before relaxing)
 *fill*         0x000000008001a971        0x3 
 .rodata.str1.4
                0x000000008001a974       0x26 kernel/panic.o
                                         0x28 (size before relaxing)
 *fill*         0x000000008001a99a        0x2 
 .rodata.str1.4
                0x000000008001a99c      0x11f kernel/kmalloc.o
                                        0x120 (size before relaxing)
 *fill*         0x000000008001aabb        0x1 
 .rodata.str1.4
                0x000000008001aabc       0xca kernel/interrupt.o
                                         0xcc (size before relaxing)
 *fill*         0x000000008001ab86        0x2 
 .rodata.str1.4
                0x000000008001ab88       0x6b kernel/thread.o
                                         0x80 (size before relaxing)
 *fill*         0x000000008001abf3        0x1 
 .rodata.str1.4
                0x000000008001abf4       0x13 kernel/scheduler.o
                                         0x28 (size before relaxing)
 *fill*         0x000000008001ac07        0x1 
 .rodata.str1.4
                0x000000008001ac08       0x10 kernel/sleepq.o
                                         0x24 (size before relaxing)
 .rodata.str1.4
                0x000000008001ac18       0x13 kernel/semaphore.o
                                         0x28 (size before relaxing)
 *fill*         0x000000008001ac2b        0x1 
 .rodata.str1.4
                0x000000008001ac2c      0x20e kernel/exception.o
                                        0x210 (size before relaxing)
 *fill*         0x000000008001ae3a        0x2 
 .rodata        0x000000008001ae3c       0x38 kernel/exception.o
 .rodata.str1.4
                0x000000008001ae74       0x54 kernel/halt.o
 .rodata        0x000000008001aec8      0x10c lib/xprintf.o
 .rodata.str1.4
                0x000000008001afd4       0x2c lib/bitmap.o
                                         0x40 (size before relaxing)
 .rodata.str1.4
                0x0000000000000000       0x2c drivers/bootargs.o
                                          0x4 (size before relaxing)
 .rodata.str1.4
                0x000000008001b000       0xaa drivers/device.o
                                         0xac (size before relaxing)
 *fill*         0x000000008001b0aa        0x2 
 .rodata.str1.4
                0x000000008001b0ac       0x51 drivers/drivers.o
                                         0x54 (size before relaxing)
 *fill*         0x000000008001b0fd        0x3 
 .rodata.str1.4
                0x000000008001b100       0x8e drivers/tty.o
                                         0x90 (size before relaxing)
 *fill*         0x000000008001b18e        0x2 
 .rodata.str1.4
                0x000000008001b190       0x93 drivers/disk.o
                                         0xa8 (size before relaxing)
 *fill*         0x000000008001b223        0x1 
 .rodata.str1.4
                0x000000008001b224      0x12c drivers/metadev.o
                                        0x140 (size before relaxing)
 .rodata.str1.4
                0x000000008001b350       0x11 proc/exception.o
                                        0x17c (size before relaxing)
 *fill*         0x000000008001b361        0x3 
 .rodata        0x000000008001b364       0x38 proc/exception.o
 .rodata.str1.4
                0x000000008001b39c       0x2d proc/process.o
                                         0x44 (size before relaxing)
 *fill*         0x000000008001b3c9        0x3 
 .rodata.str1.4
                0x000000008001b3cc       0x67 proc/syscall.o
                                         0x7c (size before relaxing)
 *fill*         0x000000008001b433        0x1 
 .rodata.str1.4
                0x000000008001b434      0x100 vm/vm.o
                                        0x114 (size before relaxing)
 .rodata.str1.4
                0x000000008001b534       0x6a vm/pagepool.o
                                         0x80 (size before relaxing)
 *fill*         0x000000008001b59e        0x2 
 .rodata.str1.4
                0x000000008001b5a0       0xb9 vm/tlb.o
                                        0x144 (size before relaxing)
 *fill*         0x000000008001b659        0x3 
 .rodata.str1.4
                0x000000008001b65c      0x2d1 fs/vfs.o
                                        0x2e8 (size before relaxing)
 *fill*         0x000000008001b92d        0x3 
 .rodata.str1.4
                0x000000008001b930       0x92 fs/tfs.o
                                         0x94 (size before relaxing)
 *fill*         0x000000008001b9c2        0x2 
 .rodata.str1.4
                0x000000008001b9c4       0x2c fs/filesystems.o
 .rodata.str1.4
                0x000000008001b9f0       0x4e net/network.o
                                         0x64 (size before relaxing)
 *fill*         0x000000008001ba3e        0x2 
 .rodata.str1.4
                0x000000008001ba40       0x3a net/socket.o
                                         0x50 (size before relaxing)
 *fill*         0x000000008001ba7a        0x2 
 .rodata.str1.4
                0x000000008001ba7c       0x58 net/pop.o
                                         0x6c (size before relaxing)

.rel.dyn        0x000000008001bad4        0x0
 .rel.dyn       0x0000000000000000        0x0 drivers/drivers.o

.data           0x000000008001bad4       0x90
 *(.data)
 .data          0x000000008001bad4        0x0 init/_boot.o
 .data          0x000000008001bad4        0x0 kernel/cswitch.o
 .data          0x000000008001bad4        0x0 kernel/_interrupt.o
 .data          0x000000008001bad4        0x0 kernel/_spinlock.o
 .data          0x000000008001bad4        0x0 kernel/idle.o
 .data          0x000000008001bad4        0xc lib/rand.o
 .data          0x000000008001bae0        0x0 drivers/_timer.o
 .data          0x000000008001bae0        0x0 vm/_tlb.o
 .data          0x000000008001bae0        0x0 init/main.o
 .data          0x000000008001bae0        0x0 kernel/panic.o
 .data          0x000000008001bae0        0x0 kernel/kmalloc.o
 .data          0x000000008001bae0        0x0 kernel/interrupt.o
 .data          0x000000008001bae0        0x0 kernel/thread.o
 .data          0x000000008001bae0        0x8 kernel/scheduler.o
 .data          0x000000008001bae8        0x0 kernel/sleepq.o
 .data          0x000000008001bae8        0x0 kernel/semaphore.o
 .data          0x000000008001bae8        0x0 kernel/exception.o
 .data          0x000000008001bae8        0x0 kernel/halt.o
 .data          0x000000008001bae8        0x0 lib/libc.o
 .data          0x000000008001bae8        0x0 lib/xprintf.o
 .data          0x000000008001bae8        0x0 lib/bitmap.o
 .data          0x000000008001bae8        0x0 lib/debug.o
 .data          0x000000008001bae8        0x0 drivers/polltty.o
 .data          0x000000008001bae8        0x0 drivers/timer.o
 .data          0x000000008001bae8        0x0 drivers/bootargs.o
 .data          0x000000008001bae8        0x0 drivers/device.o
 .data          0x000000008001bae8       0x54 drivers/drivers.o
                0x000000008001bae8                drivers_available
 .data          0x000000008001bb3c        0x0 drivers/tty.o
 .data          0x000000008001bb3c        0x0 drivers/disk.o
 .data          0x000000008001bb3c        0x0 drivers/disksched.o
 .data          0x000000008001bb3c        0x0 drivers/metadev.o
 .data          0x000000008001bb3c        0x0 proc/exception.o
 .data          0x000000008001bb3c        0x0 proc/elf.o
 .data          0x000000008001bb3c        0x0 proc/process.o
 .data          0x000000008001bb3c        0x0 proc/syscall.o
 .data          0x000000008001bb3c        0x0 proc/usr_semaphore.o
 .data          0x000000008001bb3c        0x0 vm/vm.o
 .data          0x000000008001bb3c        0x0 vm/pagepool.o
 .data          0x000000008001bb3c        0x0 vm/tlb.o
 .data          0x000000008001bb3c        0x0 fs/vfs.o
 .data          0x000000008001bb3c        0x0 fs/tfs.o
 .data          0x000000008001bb3c       0x10 fs/filesystems.o
 .data          0x000000008001bb4c        0x0 net/network.o
 .data          0x000000008001bb4c       0x18 net/protocols.o
                0x000000008001bb4c                network_protocols
 .data          0x000000008001bb64        0x0 net/socket.o
 .data          0x000000008001bb64        0x0 net/pop.o

.bss            0x000000008001bb64    0x242b8
 *(.bss COMMON)
 .bss           0x000000008001bb64        0x0 init/_boot.o
 .bss           0x000000008001bb64        0x0 kernel/cswitch.o
 .bss           0x000000008001bb64        0x0 kernel/_interrupt.o
 .bss           0x000000008001bb64        0x0 kernel/_spinlock.o
 .bss           0x000000008001bb64        0x0 kernel/idle.o
 .bss           0x000000008001bb64        0x0 lib/rand.o
 .bss           0x000000008001bb64        0x0 drivers/_timer.o
 .bss           0x000000008001bb64        0x0 vm/_tlb.o
 .bss           0x000000008001bb64        0x4 init/main.o
                0x000000008001bb64                kernel_bootstrap_finished
 .bss           0x000000008001bb68        0x0 kernel/panic.o
 .bss           0x000000008001bb68        0x8 kernel/kmalloc.o
 .bss           0x000000008001bb70      0x600 kernel/interrupt.o
 COMMON         0x000000008001c170       0x10 kernel/interrupt.o
                0x000000008001c170                interrupt_stacks
 .bss           0x000000008001c180        0x4 kernel/thread.o
 COMMON         0x000000008001c184    0x20804 kernel/thread.o
                0x000000008001c184                thread_table
                0x000000008001c984                thread_stack_areas
                0x000000008003c984                thread_table_slock
 .bss           0x000000008003c988        0x0 kernel/scheduler.o
 COMMON         0x000000008003c988       0x10 kernel/scheduler.o
                0x000000008003c988                scheduler_current_thread
 .bss           0x000000008003c998      0x200 kernel/sleepq.o
 .bss           0x000000008003cb98      0x608 kernel/semaphore.o
 .bss           0x000000008003d1a0        0x0 kernel/exception.o
 .bss           0x000000008003d1a0        0x0 kernel/halt.o
 .bss           0x000000008003d1a0        0x0 lib/libc.o
 .bss           0x000000008003d1a0        0x4 lib/xprintf.o
                0x000000008003d1a0                kprintf_slock
 .bss           0x000000008003d1a4        0x0 lib/bitmap.o
 .bss           0x000000008003d1a4        0x0 lib/debug.o
 .bss           0x000000008003d1a4        0x4 drivers/polltty.o
 .bss           0x000000008003d1a8        0x0 drivers/timer.o
 .bss           0x000000008003d1a8      0x100 drivers/bootargs.o
 .bss           0x000000008003d2a8      0x204 drivers/device.o
 .bss           0x000000008003d4ac        0x0 drivers/drivers.o
 .bss           0x000000008003d4ac        0x4 drivers/tty.o
 .bss           0x000000008003d4b0        0x0 drivers/disk.o
 .bss           0x000000008003d4b0        0x0 drivers/disksched.o
 .bss           0x000000008003d4b0       0x48 drivers/metadev.o
 .bss           0x000000008003d4f8        0x0 proc/exception.o
 .bss           0x000000008003d4f8        0x0 proc/elf.o
 .bss           0x000000008003d4f8        0x0 proc/process.o
 COMMON         0x000000008003d4f8      0x504 proc/process.o
                0x000000008003d4f8                process_table_slock
                0x000000008003d4fc                process_table
 .bss           0x000000008003d9fc        0x0 proc/syscall.o
 .bss           0x000000008003d9fc      0x184 proc/usr_semaphore.o
 .bss           0x000000008003db80        0x0 vm/vm.o
 .bss           0x000000008003db80       0x14 vm/pagepool.o
 .bss           0x000000008003db94        0x0 vm/tlb.o
 .bss           0x000000008003db94     0x18b8 fs/vfs.o
 .bss           0x000000008003f44c        0x0 fs/tfs.o
 .bss           0x000000008003f44c        0x0 fs/filesystems.o
 .bss           0x000000008003f44c        0x0 net/network.o
 COMMON         0x000000008003f44c       0x30 net/network.o
                0x000000008003f44c                network_interfaces
 .bss           0x000000008003f47c        0x0 net/protocols.o
 .bss           0x000000008003f47c        0x4 net/socket.o
 COMMON         0x000000008003f480      0x704 net/socket.o
                0x000000008003f480                open_sockets
                0x000000008003fb80                open_sockets_sem
 .bss           0x000000008003fb84      0x298 net/pop.o
                0x000000008003fe1c                KERNEL_ENDS_HERE = .
LOAD init/_boot.o
LOAD kernel/cswitch.o
LOAD kernel/_interrupt.o
LOAD kernel/_spinlock.o
LOAD kernel/idle.o
LOAD lib/rand.o
LOAD drivers/_timer.o
LOAD vm/_tlb.o
LOAD init/main.o
LOAD kernel/panic.o
LOAD kernel/kmalloc.o
LOAD kernel/interrupt.o
LOAD kernel/thread.o
LOAD kernel/scheduler.o
LOAD kernel/sleepq.o
LOAD kernel/semaphore.o
LOAD kernel/exception.o
LOAD kernel/halt.o
LOAD lib/libc.o
LOAD lib/xprintf.o
LOAD lib/bitmap.o
LOAD lib/debug.o
LOAD drivers/polltty.o
LOAD drivers/timer.o
LOAD drivers/bootargs.o
LOAD drivers/device.o
LOAD drivers/drivers.o
LOAD drivers/tty.o
LOAD drivers/disk.o
LOAD drivers/disksched.o
LOAD drivers/metadev.o
LOAD proc/exception.o
LOAD proc/elf.o
LOAD proc/process.o
LOAD proc/syscall.o
LOAD proc/usr_semaphore.o
LOAD vm/vm.o
LOAD vm/pagepool.o
LOAD vm/tlb.o
LOAD fs/vfs.o
LOAD fs/tfs.o
LOAD fs/filesystems.o
LOAD net/network.o
LOAD net/protocols.o
LOAD net/socket.o
LOAD net/pop.o
OUTPUT(buenos elf32-bigmips)

.reginfo        0x0000000000000000       0x18
 .reginfo       0x0000000000000000       0x18 init/_boot.o

.pdr            0x0000000000000000     0x19a0
 .pdr           0x0000000000000000       0x40 init/_boot.o
 .pdr           0x0000000000000040       0xa0 kernel/cswitch.o
 .pdr           0x00000000000000e0      0x180 kernel/_interrupt.o
 .pdr           0x0000000000000260       0x40 kernel/_spinlock.o
 .pdr           0x00000000000002a0       0x20 kernel/idle.o
 .pdr           0x00000000000002c0       0x40 lib/rand.o
 .pdr           0x0000000000000300       0x20 drivers/_timer.o
 .pdr           0x0000000000000320       0xe0 vm/_tlb.o
 .pdr           0x0000000000000400       0x60 init/main.o
 .pdr           0x0000000000000460       0x20 kernel/panic.o
 .pdr           0x0000000000000480       0xa0 kernel/kmalloc.o
 .pdr           0x0000000000000520       0x60 kernel/interrupt.o
 .pdr           0x0000000000000580      0x100 kernel/thread.o
 .pdr           0x0000000000000680       0x80 kernel/scheduler.o
 .pdr           0x0000000000000700       0x80 kernel/sleepq.o
 .pdr           0x0000000000000780       0xa0 kernel/semaphore.o
 .pdr           0x0000000000000820       0x40 kernel/exception.o
 .pdr           0x0000000000000860       0x20 kernel/halt.o
 .pdr           0x0000000000000880      0x100 lib/libc.o
 .pdr           0x0000000000000980       0xe0 lib/xprintf.o
 .pdr           0x0000000000000a60       0xa0 lib/bitmap.o
 .pdr           0x0000000000000b00       0x20 lib/debug.o
 .pdr           0x0000000000000b20       0x60 drivers/polltty.o
 .pdr           0x0000000000000b80       0x20 drivers/timer.o
 .pdr           0x0000000000000ba0       0x40 drivers/bootargs.o
 .pdr           0x0000000000000be0       0x40 drivers/device.o
 .pdr           0x0000000000000c20        0x0 drivers/drivers.o
 .pdr           0x0000000000000c20       0x80 drivers/tty.o
 .pdr           0x0000000000000ca0      0x100 drivers/disk.o
 .pdr           0x0000000000000da0       0x20 drivers/disksched.o
 .pdr           0x0000000000000dc0      0x180 drivers/metadev.o
 .pdr           0x0000000000000f40       0x20 proc/exception.o
 .pdr           0x0000000000000f60       0x20 proc/elf.o
 .pdr           0x0000000000000f80      0x140 proc/process.o
 .pdr           0x00000000000010c0       0x80 proc/syscall.o
 .pdr           0x0000000000001140       0xa0 proc/usr_semaphore.o
 .pdr           0x00000000000011e0       0xc0 vm/vm.o
 .pdr           0x00000000000012a0       0x60 vm/pagepool.o
 .pdr           0x0000000000001300       0xa0 vm/tlb.o
 .pdr           0x00000000000013a0      0x260 fs/vfs.o
 .pdr           0x0000000000001600      0x120 fs/tfs.o
 .pdr           0x0000000000001720       0x20 fs/filesystems.o
 .pdr           0x0000000000001740      0x120 net/network.o
 .pdr           0x0000000000001860       0x40 net/protocols.o
 .pdr           0x00000000000018a0       0x60 net/socket.o
 .pdr           0x0000000000001900       0xa0 net/pop.o

.mdebug.abi32   0x0000000000000000        0x0
 .mdebug.abi32  0x0000000000000000        0x0 init/main.o
 .mdebug.abi32  0x0000000000000000        0x0 kernel/panic.o
 .mdebug.abi32  0x0000000000000000        0x0 kernel/kmalloc.o
 .mdebug.abi32  0x0000000000000000        0x0 kernel/interrupt.o
 .mdebug.abi32  0x0000000000000000        0x0 kernel/thread.o
 .mdebug.abi32  0x0000000000000000        0x0 kernel/scheduler.o
 .mdebug.abi32  0x0000000000000000        0x0 kernel/sleepq.o
 .mdebug.abi32  0x0000000000000000        0x0 kernel/semaphore.o
 .mdebug.abi32  0x0000000000000000        0x0 kernel/exception.o
 .mdebug.abi32  0x0000000000000000        0x0 kernel/halt.o
 .mdebug.abi32  0x0000000000000000        0x0 lib/libc.o
 .mdebug.abi32  0x0000000000000000        0x0 lib/xprintf.o
 .mdebug.abi32  0x0000000000000000        0x0 lib/bitmap.o
 .mdebug.abi32  0x0000000000000000        0x0 lib/debug.o
 .mdebug.abi32  0x0000000000000000        0x0 drivers/polltty.o
 .mdebug.abi32  0x0000000000000000        0x0 drivers/timer.o
 .mdebug.abi32  0x0000000000000000        0x0 drivers/bootargs.o
 .mdebug.abi32  0x0000000000000000        0x0 drivers/device.o
 .mdebug.abi32  0x0000000000000000        0x0 drivers/drivers.o
 .mdebug.abi32  0x0000000000000000        0x0 drivers/tty.o
 .mdebug.abi32  0x0000000000000000        0x0 drivers/disk.o
 .mdebug.abi32  0x0000000000000000        0x0 drivers/disksched.o
 .mdebug.abi32  0x0000000000000000        0x0 drivers/metadev.o
 .mdebug.abi32  0x0000000000000000        0x0 proc/exception.o
 .mdebug.abi32  0x0000000000000000        0x0 proc/elf.o
 .mdebug.abi32  0x0000000000000000        0x0 proc/process.o
 .mdebug.abi32  0x0000000000000000        0x0 proc/syscall.o
 .mdebug.abi32  0x0000000000000000        0x0 proc/usr_semaphore.o
 .mdebug.abi32  0x0000000000000000        0x0 vm/vm.o
 .mdebug.abi32  0x0000000000000000        0x0 vm/pagepool.o
 .mdebug.abi32  0x0000000000000000        0x0 vm/tlb.o
 .mdebug.abi32  0x0000000000000000        0x0 fs/vfs.o
 .mdebug.abi32  0x0000000000000000        0x0 fs/tfs.o
 .mdebug.abi32  0x0000000000000000        0x0 fs/filesystems.o
 .mdebug.abi32  0x0000000000000000        0x0 net/network.o
 .mdebug.abi32  0x0000000000000000        0x0 net/protocols.o
 .mdebug.abi32  0x0000000000000000        0x0 net/socket.o
 .mdebug.abi32  0x0000000000000000        0x0 net/pop.o

.comment        0x0000000000000000       0x11
 .comment       0x0000000000000000       0x11 init/main.o
                                         0x12 (size before relaxing)
 .comment       0x0000000000000000       0x12 kernel/panic.o
 .comment       0x0000000000000000       0x12 kernel/kmalloc.o
 .comment       0x0000000000000000       0x12 kernel/interrupt.o
 .comment       0x0000000000000000       0x12 kernel/thread.o
 .comment       0x0000000000000000       0x12 kernel/scheduler.o
 .comment       0x0000000000000000       0x12 kernel/sleepq.o
 .comment       0x0000000000000000       0x12 kernel/semaphore.o
 .comment       0x0000000000000000       0x12 kernel/exception.o
 .comment       0x0000000000000000       0x12 kernel/halt.o
 .comment       0x0000000000000000       0x12 lib/libc.o
 .comment       0x0000000000000000       0x12 lib/xprintf.o
 .comment       0x0000000000000000       0x12 lib/bitmap.o
 .comment       0x0000000000000000       0x12 lib/debug.o
 .comment       0x0000000000000000       0x12 drivers/polltty.o
 .comment       0x0000000000000000       0x12 drivers/timer.o
 .comment       0x0000000000000000       0x12 drivers/bootargs.o
 .comment       0x0000000000000000       0x12 drivers/device.o
 .comment       0x0000000000000000       0x12 drivers/drivers.o
 .comment       0x0000000000000000       0x12 drivers/tty.o
 .comment       0x0000000000000000       0x12 drivers/disk.o
 .comment       0x0000000000000000       0x12 drivers/disksched.o
 .comment       0x0000000000000000       0x12 drivers/metadev.o
 .comment       0x0000000000000000       0x12 proc/exception.o
 .comment       0x0000000000000000       0x12 proc/elf.o
 .comment       0x0000000000000000       0x12 proc/process.o
 .comment       0x0000000000000000       0x12 proc/syscall.o
 .comment       0x0000000000000000       0x12 proc/usr_semaphore.o
 .comment       0x0000000000000000       0x12 vm/vm.o
 .comment       0x0000000000000000       0x12 vm/pagepool.o
 .comment       0x0000000000000000       0x12 vm/tlb.o
 .comment       0x0000000000000000       0x12 fs/vfs.o
 .comment       0x0000000000000000       0x12 fs/tfs.o
 .comment       0x0000000000000000       0x12 fs/filesystems.o
 .comment       0x0000000000000000       0x12 net/network.o
 .comment       0x0000000000000000       0x12 net/protocols.o
 .comment       0x0000000000000000       0x12 net/socket.o
 .comment       0x0000000000000000       0x12 net/pop.o

.gnu.attributes
                0x0000000000000000       0x10
 .gnu.attributes
                0x0000000000000000       0x10 init/main.o
 .gnu.attributes
                0x0000000000000010       0x10 kernel/panic.o
 .gnu.attributes
                0x0000000000000020       0x10 kernel/kmalloc.o
 .gnu.attributes
                0x0000000000000030       0x10 kernel/interrupt.o
 .gnu.attributes
                0x0000000000000040       0x10 kernel/thread.o
 .gnu.attributes
                0x0000000000000050       0x10 kernel/scheduler.o
 .gnu.attributes
                0x0000000000000060       0x10 kernel/sleepq.o
 .gnu.attributes
                0x0000000000000070       0x10 kernel/semaphore.o
 .gnu.attributes
                0x0000000000000080       0x10 kernel/exception.o
 .gnu.attributes
                0x0000000000000090       0x10 kernel/halt.o
 .gnu.attributes
                0x00000000000000a0       0x10 lib/libc.o
 .gnu.attributes
                0x00000000000000b0       0x10 lib/xprintf.o
 .gnu.attributes
                0x00000000000000c0       0x10 lib/bitmap.o
 .gnu.attributes
                0x00000000000000d0       0x10 lib/debug.o
 .gnu.attributes
                0x00000000000000e0       0x10 drivers/polltty.o
 .gnu.attributes
                0x00000000000000f0       0x10 drivers/timer.o
 .gnu.attributes
                0x0000000000000100       0x10 drivers/bootargs.o
 .gnu.attributes
                0x0000000000000110       0x10 drivers/device.o
 .gnu.attributes
                0x0000000000000120       0x10 drivers/drivers.o
 .gnu.attributes
                0x0000000000000130       0x10 drivers/tty.o
 .gnu.attributes
                0x0000000000000140       0x10 drivers/disk.o
 .gnu.attributes
                0x0000000000000150       0x10 drivers/disksched.o
 .gnu.attributes
                0x0000000000000160       0x10 drivers/metadev.o
 .gnu.attributes
                0x0000000000000170       0x10 proc/exception.o
 .gnu.attributes
                0x0000000000000180       0x10 proc/elf.o
 .gnu.attributes
                0x0000000000000190       0x10 proc/process.o
 .gnu.attributes
                0x00000000000001a0       0x10 proc/syscall.o
 .gnu.attributes
                0x00000000000001b0       0x10 proc/usr_semaphore.o
 .gnu.attributes
                0x00000000000001c0       0x10 vm/vm.o
 .gnu.attributes
                0x00000000000001d0       0x10 vm/pagepool.o
 .gnu.attributes
                0x00000000000001e0       0x10 vm/tlb.o
 .gnu.attributes
                0x00000000000001f0       0x10 fs/vfs.o
 .gnu.attributes
                0x0000000000000200       0x10 fs/tfs.o
 .gnu.attributes
                0x0000000000000210       0x10 fs/filesystems.o
 .gnu.attributes
                0x0000000000000220       0x10 net/network.o
 .gnu.attributes
                0x0000000000000230       0x10 net/protocols.o
 .gnu.attributes
                0x0000000000000240       0x10 net/socket.o
 .gnu.attributes
                0x0000000000000250       0x10 net/pop.o

.stab           0x0000000000000000     0x1560
 .stab          0x0000000000000000       0xfc init/_boot.o
 .stab          0x00000000000000fc      0x9d8 kernel/cswitch.o
                                        0x9e4 (size before relaxing)
 .stab          0x0000000000000ad4      0x3f0 kernel/_interrupt.o
                                        0x3fc (size before relaxing)
 .stab          0x0000000000000ec4       0xb4 kernel/_spinlock.o
                                         0xc0 (size before relaxing)
 .stab          0x0000000000000f78       0x54 kernel/idle.o
                                         0x60 (size before relaxing)
 .stab          0x0000000000000fcc       0xe4 lib/rand.o
                                         0xf0 (size before relaxing)
 .stab          0x00000000000010b0       0x6c drivers/_timer.o
                                         0x78 (size before relaxing)
 .stab          0x000000000000111c      0x444 vm/_tlb.o
                                        0x450 (size before relaxing)

.stabstr        0x0000000000000000      0x3a9
 .stabstr       0x0000000000000000      0x3a9 init/_boot.o

.debug_info     0x0000000000000000     0xe822
 .debug_info    0x0000000000000000      0xb4d init/main.o
 .debug_info    0x0000000000000b4d      0x16e kernel/panic.o
 .debug_info    0x0000000000000cbb      0x33d kernel/kmalloc.o
 .debug_info    0x0000000000000ff8      0x4a2 kernel/interrupt.o
 .debug_info    0x000000000000149a      0x7ca kernel/thread.o
 .debug_info    0x0000000000001c64      0x622 kernel/scheduler.o
 .debug_info    0x0000000000002286      0x71f kernel/sleepq.o
 .debug_info    0x00000000000029a5      0x463 kernel/semaphore.o
 .debug_info    0x0000000000002e08      0x40e kernel/exception.o
 .debug_info    0x0000000000003216      0x10c kernel/halt.o
 .debug_info    0x0000000000003322      0x349 lib/libc.o
 .debug_info    0x000000000000366b      0xa5e lib/xprintf.o
 .debug_info    0x00000000000040c9      0x332 lib/bitmap.o
 .debug_info    0x00000000000043fb      0x135 lib/debug.o
 .debug_info    0x0000000000004530      0x1aa drivers/polltty.o
 .debug_info    0x00000000000046da       0xfe drivers/timer.o
 .debug_info    0x00000000000047d8      0x22b drivers/bootargs.o
 .debug_info    0x0000000000004a03      0x325 drivers/device.o
 .debug_info    0x0000000000004d28      0x1c2 drivers/drivers.o
 .debug_info    0x0000000000004eea      0x7c7 drivers/tty.o
 .debug_info    0x00000000000056b1      0xaac drivers/disk.o
 .debug_info    0x000000000000615d      0x1b1 drivers/disksched.o
 .debug_info    0x000000000000630e      0x791 drivers/metadev.o
 .debug_info    0x0000000000006a9f      0x5c9 proc/exception.o
 .debug_info    0x0000000000007068      0x3d0 proc/elf.o
 .debug_info    0x0000000000007438     0x11d2 proc/process.o
 .debug_info    0x000000000000860a      0x9eb proc/syscall.o
 .debug_info    0x0000000000008ff5      0x587 proc/usr_semaphore.o
 .debug_info    0x000000000000957c      0x49b vm/vm.o
 .debug_info    0x0000000000009a17      0x49f vm/pagepool.o
 .debug_info    0x0000000000009eb6      0x77d vm/tlb.o
 .debug_info    0x000000000000a633     0x14b7 fs/vfs.o
 .debug_info    0x000000000000baea      0xfa4 fs/tfs.o
 .debug_info    0x000000000000ca8e      0x501 fs/filesystems.o
 .debug_info    0x000000000000cf8f      0x9de net/network.o
 .debug_info    0x000000000000d96d      0x170 net/protocols.o
 .debug_info    0x000000000000dadd      0x3cb net/socket.o
 .debug_info    0x000000000000dea8      0x97a net/pop.o

.debug_abbrev   0x0000000000000000     0x43db
 .debug_abbrev  0x0000000000000000      0x1ef init/main.o
 .debug_abbrev  0x00000000000001ef       0xf6 kernel/panic.o
 .debug_abbrev  0x00000000000002e5      0x1be kernel/kmalloc.o
 .debug_abbrev  0x00000000000004a3      0x1d9 kernel/interrupt.o
 .debug_abbrev  0x000000000000067c      0x2ac kernel/thread.o
 .debug_abbrev  0x0000000000000928      0x225 kernel/scheduler.o
 .debug_abbrev  0x0000000000000b4d      0x209 kernel/sleepq.o
 .debug_abbrev  0x0000000000000d56      0x1a6 kernel/semaphore.o
 .debug_abbrev  0x0000000000000efc      0x168 kernel/exception.o
 .debug_abbrev  0x0000000000001064       0xd6 kernel/halt.o
 .debug_abbrev  0x000000000000113a      0x147 lib/libc.o
 .debug_abbrev  0x0000000000001281      0x24a lib/xprintf.o
 .debug_abbrev  0x00000000000014cb      0x160 lib/bitmap.o
 .debug_abbrev  0x000000000000162b       0xde lib/debug.o
 .debug_abbrev  0x0000000000001709       0xfb drivers/polltty.o
 .debug_abbrev  0x0000000000001804       0xc8 drivers/timer.o
 .debug_abbrev  0x00000000000018cc      0x1ab drivers/bootargs.o
 .debug_abbrev  0x0000000000001a77      0x1d2 drivers/device.o
 .debug_abbrev  0x0000000000001c49       0xaa drivers/drivers.o
 .debug_abbrev  0x0000000000001cf3      0x275 drivers/tty.o
 .debug_abbrev  0x0000000000001f68      0x311 drivers/disk.o
 .debug_abbrev  0x0000000000002279       0xd6 drivers/disksched.o
 .debug_abbrev  0x000000000000234f      0x254 drivers/metadev.o
 .debug_abbrev  0x00000000000025a3      0x1a0 proc/exception.o
 .debug_abbrev  0x0000000000002743      0x15c proc/elf.o
 .debug_abbrev  0x000000000000289f      0x36c proc/process.o
 .debug_abbrev  0x0000000000002c0b      0x215 proc/syscall.o
 .debug_abbrev  0x0000000000002e20      0x191 proc/usr_semaphore.o
 .debug_abbrev  0x0000000000002fb1      0x1d4 vm/vm.o
 .debug_abbrev  0x0000000000003185      0x178 vm/pagepool.o
 .debug_abbrev  0x00000000000032fd      0x222 vm/tlb.o
 .debug_abbrev  0x000000000000351f      0x31e fs/vfs.o
 .debug_abbrev  0x000000000000383d      0x269 fs/tfs.o
 .debug_abbrev  0x0000000000003aa6      0x154 fs/filesystems.o
 .debug_abbrev  0x0000000000003bfa      0x34d net/network.o
 .debug_abbrev  0x0000000000003f47       0xf3 net/protocols.o
 .debug_abbrev  0x000000000000403a      0x196 net/socket.o
 .debug_abbrev  0x00000000000041d0      0x20b net/pop.o

.debug_loc      0x0000000000000000     0x79b7
 .debug_loc     0x0000000000000000      0x115 init/main.o
 .debug_loc     0x0000000000000115       0x97 kernel/panic.o
 .debug_loc     0x00000000000001ac       0xed kernel/kmalloc.o
 .debug_loc     0x0000000000000299      0x23c kernel/interrupt.o
 .debug_loc     0x00000000000004d5      0x238 kernel/thread.o
 .debug_loc     0x000000000000070d      0x186 kernel/scheduler.o
 .debug_loc     0x0000000000000893      0x317 kernel/sleepq.o
 .debug_loc     0x0000000000000baa      0x228 kernel/semaphore.o
 .debug_loc     0x0000000000000dd2       0x60 kernel/exception.o
 .debug_loc     0x0000000000000e32      0x5e9 lib/libc.o
 .debug_loc     0x000000000000141b     0x136b lib/xprintf.o
 .debug_loc     0x0000000000002786      0x59e lib/bitmap.o
 .debug_loc     0x0000000000002d24       0x4d lib/debug.o
 .debug_loc     0x0000000000002d71       0x43 drivers/polltty.o
 .debug_loc     0x0000000000002db4       0x4a drivers/timer.o
 .debug_loc     0x0000000000002dfe      0x24f drivers/bootargs.o
 .debug_loc     0x000000000000304d      0x123 drivers/device.o
 .debug_loc     0x0000000000003170      0x3ed drivers/tty.o
 .debug_loc     0x000000000000355d      0x4da drivers/disk.o
 .debug_loc     0x0000000000003a37      0x3bb drivers/metadev.o
 .debug_loc     0x0000000000003df2       0x55 proc/exception.o
 .debug_loc     0x0000000000003e47       0xb8 proc/elf.o
 .debug_loc     0x0000000000003eff      0x6de proc/process.o
 .debug_loc     0x00000000000045dd      0x508 proc/syscall.o
 .debug_loc     0x0000000000004ae5      0x22a proc/usr_semaphore.o
 .debug_loc     0x0000000000004d0f      0x2a7 vm/vm.o
 .debug_loc     0x0000000000004fb6      0x143 vm/pagepool.o
 .debug_loc     0x00000000000050f9      0x314 vm/tlb.o
 .debug_loc     0x000000000000540d      0xb9c fs/vfs.o
 .debug_loc     0x0000000000005fa9      0xb4a fs/tfs.o
 .debug_loc     0x0000000000006af3       0xa7 fs/filesystems.o
 .debug_loc     0x0000000000006b9a      0x680 net/network.o
 .debug_loc     0x000000000000721a       0x7f net/protocols.o
 .debug_loc     0x0000000000007299      0x188 net/socket.o
 .debug_loc     0x0000000000007421      0x596 net/pop.o

.debug_aranges  0x0000000000000000      0x4b8
 .debug_aranges
                0x0000000000000000       0x20 init/main.o
 .debug_aranges
                0x0000000000000020       0x20 kernel/panic.o
 .debug_aranges
                0x0000000000000040       0x20 kernel/kmalloc.o
 .debug_aranges
                0x0000000000000060       0x20 kernel/interrupt.o
 .debug_aranges
                0x0000000000000080       0x20 kernel/thread.o
 .debug_aranges
                0x00000000000000a0       0x20 kernel/scheduler.o
 .debug_aranges
                0x00000000000000c0       0x20 kernel/sleepq.o
 .debug_aranges
                0x00000000000000e0       0x20 kernel/semaphore.o
 .debug_aranges
                0x0000000000000100       0x20 kernel/exception.o
 .debug_aranges
                0x0000000000000120       0x20 kernel/halt.o
 .debug_aranges
                0x0000000000000140       0x20 lib/libc.o
 .debug_aranges
                0x0000000000000160       0x20 lib/xprintf.o
 .debug_aranges
                0x0000000000000180       0x20 lib/bitmap.o
 .debug_aranges
                0x00000000000001a0       0x20 lib/debug.o
 .debug_aranges
                0x00000000000001c0       0x20 drivers/polltty.o
 .debug_aranges
                0x00000000000001e0       0x20 drivers/timer.o
 .debug_aranges
                0x0000000000000200       0x20 drivers/bootargs.o
 .debug_aranges
                0x0000000000000220       0x20 drivers/device.o
 .debug_aranges
                0x0000000000000240       0x18 drivers/drivers.o
 .debug_aranges
                0x0000000000000258       0x20 drivers/tty.o
 .debug_aranges
                0x0000000000000278       0x20 drivers/disk.o
 .debug_aranges
                0x0000000000000298       0x20 drivers/disksched.o
 .debug_aranges
                0x00000000000002b8       0x20 drivers/metadev.o
 .debug_aranges
                0x00000000000002d8       0x20 proc/exception.o
 .debug_aranges
                0x00000000000002f8       0x20 proc/elf.o
 .debug_aranges
                0x0000000000000318       0x20 proc/process.o
 .debug_aranges
                0x0000000000000338       0x20 proc/syscall.o
 .debug_aranges
                0x0000000000000358       0x20 proc/usr_semaphore.o
 .debug_aranges
                0x0000000000000378       0x20 vm/vm.o
 .debug_aranges
                0x0000000000000398       0x20 vm/pagepool.o
 .debug_aranges
                0x00000000000003b8       0x20 vm/tlb.o
 .debug_aranges
                0x00000000000003d8       0x20 fs/vfs.o
 .debug_aranges
                0x00000000000003f8       0x20 fs/tfs.o
 .debug_aranges
                0x0000000000000418       0x20 fs/filesystems.o
 .debug_aranges
                0x0000000000000438       0x20 net/network.o
 .debug_aranges
                0x0000000000000458       0x20 net/protocols.o
 .debug_aranges
                0x0000000000000478       0x20 net/socket.o
 .debug_aranges
                0x0000000000000498       0x20 net/pop.o

.debug_ranges   0x0000000000000000      0x360
 .debug_ranges  0x0000000000000000       0x20 init/main.o
 .debug_ranges  0x0000000000000020       0x28 kernel/thread.o
 .debug_ranges  0x0000000000000048       0x20 kernel/scheduler.o
 .debug_ranges  0x0000000000000068      0x128 lib/xprintf.o
 .debug_ranges  0x0000000000000190       0x18 lib/bitmap.o
 .debug_ranges  0x00000000000001a8       0x20 drivers/device.o
 .debug_ranges  0x00000000000001c8       0x40 drivers/tty.o
 .debug_ranges  0x0000000000000208       0x20 drivers/disk.o
 .debug_ranges  0x0000000000000228       0x30 proc/process.o
 .debug_ranges  0x0000000000000258       0x40 fs/vfs.o
 .debug_ranges  0x0000000000000298       0xb0 net/network.o
 .debug_ranges  0x0000000000000348       0x18 net/socket.o

.debug_line     0x0000000000000000     0x3726
 .debug_line    0x0000000000000000      0x220 init/main.o
 .debug_line    0x0000000000000220       0x90 kernel/panic.o
 .debug_line    0x00000000000002b0       0xe5 kernel/kmalloc.o
 .debug_line    0x0000000000000395      0x177 kernel/interrupt.o
 .debug_line    0x000000000000050c      0x1cb kernel/thread.o
 .debug_line    0x00000000000006d7      0x177 kernel/scheduler.o
 .debug_line    0x000000000000084e      0x1ad kernel/sleepq.o
 .debug_line    0x00000000000009fb      0x11e kernel/semaphore.o
 .debug_line    0x0000000000000b19       0xcb kernel/exception.o
 .debug_line    0x0000000000000be4       0x84 kernel/halt.o
 .debug_line    0x0000000000000c68      0x174 lib/libc.o
 .debug_line    0x0000000000000ddc      0x2dd lib/xprintf.o
 .debug_line    0x00000000000010b9      0x129 lib/bitmap.o
 .debug_line    0x00000000000011e2       0xa2 lib/debug.o
 .debug_line    0x0000000000001284       0x95 drivers/polltty.o
 .debug_line    0x0000000000001319       0x6e drivers/timer.o
 .debug_line    0x0000000000001387       0xf6 drivers/bootargs.o
 .debug_line    0x000000000000147d       0xe5 drivers/device.o
 .debug_line    0x0000000000001562       0x70 drivers/drivers.o
 .debug_line    0x00000000000015d2      0x1f8 drivers/tty.o
 .debug_line    0x00000000000017ca      0x1ed drivers/disk.o
 .debug_line    0x00000000000019b7       0x9f drivers/disksched.o
 .debug_line    0x0000000000001a56      0x185 drivers/metadev.o
 .debug_line    0x0000000000001bdb       0xf2 proc/exception.o
 .debug_line    0x0000000000001ccd       0xd4 proc/elf.o
 .debug_line    0x0000000000001da1      0x31a proc/process.o
 .debug_line    0x00000000000020bb      0x1c0 proc/syscall.o
 .debug_line    0x000000000000227b      0x137 proc/usr_semaphore.o
 .debug_line    0x00000000000023b2      0x17b vm/vm.o
 .debug_line    0x000000000000252d      0x111 vm/pagepool.o
 .debug_line    0x000000000000263e      0x16c vm/tlb.o
 .debug_line    0x00000000000027aa      0x39a fs/vfs.o
 .debug_line    0x0000000000002b44      0x3f9 fs/tfs.o
 .debug_line    0x0000000000002f3d       0xea fs/filesystems.o
 .debug_line    0x0000000000003027      0x20c net/network.o
 .debug_line    0x0000000000003233       0x92 net/protocols.o
 .debug_line    0x00000000000032c5      0x173 net/socket.o
 .debug_line    0x0000000000003438      0x2ee net/pop.o

.debug_str      0x0000000000000000     0x1ce8
 .debug_str     0x0000000000000000      0x332 init/main.o
                                        0x3a8 (size before relaxing)
 .debug_str     0x0000000000000332       0x45 kernel/panic.o
                                        0x132 (size before relaxing)
 .debug_str     0x0000000000000377       0xb4 kernel/kmalloc.o
                                        0x1d8 (size before relaxing)
 .debug_str     0x000000000000042b       0xf8 kernel/interrupt.o
                                        0x28e (size before relaxing)
 .debug_str     0x0000000000000523      0x26c kernel/thread.o
                                        0x428 (size before relaxing)
 .debug_str     0x000000000000078f       0x72 kernel/scheduler.o
                                        0x3c1 (size before relaxing)
 .debug_str     0x0000000000000801       0x8e kernel/sleepq.o
                                        0x3a0 (size before relaxing)
 .debug_str     0x000000000000088f       0x69 kernel/semaphore.o
                                        0x23b (size before relaxing)
 .debug_str     0x00000000000008f8       0xe1 kernel/exception.o
                                        0x203 (size before relaxing)
 .debug_str     0x00000000000009d9       0x19 kernel/halt.o
                                         0xec (size before relaxing)
 .debug_str     0x00000000000009f2       0x74 lib/libc.o
                                        0x156 (size before relaxing)
 .debug_str     0x0000000000000a66       0x9d lib/xprintf.o
                                        0x20a (size before relaxing)
 .debug_str     0x0000000000000b03       0x6e lib/bitmap.o
                                        0x134 (size before relaxing)
 .debug_str     0x0000000000000b71       0x27 lib/debug.o
                                        0x110 (size before relaxing)
 .debug_str     0x0000000000000b98       0x3c drivers/polltty.o
                                        0x16f (size before relaxing)
 .debug_str     0x0000000000000bd4       0x21 drivers/timer.o
                                        0x134 (size before relaxing)
 .debug_str     0x0000000000000bf5       0x5c drivers/bootargs.o
                                        0x147 (size before relaxing)
 .debug_str     0x0000000000000c51       0x74 drivers/device.o
                                        0x1d0 (size before relaxing)
 .debug_str     0x0000000000000cc5       0x12 drivers/drivers.o
                                        0x180 (size before relaxing)
 .debug_str     0x0000000000000cd7       0xa4 drivers/tty.o
                                        0x31e (size before relaxing)
 .debug_str     0x0000000000000d7b      0x195 drivers/disk.o
                                        0x446 (size before relaxing)
 .debug_str     0x0000000000000f10       0x14 drivers/disksched.o
                                        0x19f (size before relaxing)
 .debug_str     0x0000000000000f24      0x121 drivers/metadev.o
                                        0x36e (size before relaxing)
 .debug_str     0x0000000000001045       0x3f proc/exception.o
                                        0x334 (size before relaxing)
 .debug_str     0x0000000000001084      0x1a5 proc/elf.o
                                        0x26a (size before relaxing)
 .debug_str     0x0000000000001229      0x1df proc/process.o
                                        0x63a (size before relaxing)
 .debug_str     0x0000000000001408       0xa0 proc/syscall.o
                                        0x510 (size before relaxing)
 .debug_str     0x00000000000014a8       0x4b proc/usr_semaphore.o
                                        0x272 (size before relaxing)
 .debug_str     0x00000000000014f3       0x40 vm/vm.o
                                        0x206 (size before relaxing)
 .debug_str     0x0000000000001533       0x70 vm/pagepool.o
                                        0x295 (size before relaxing)
 .debug_str     0x00000000000015a3       0x5a vm/tlb.o
                                        0x36b (size before relaxing)
 .debug_str     0x00000000000015fd      0x1b9 fs/vfs.o
                                        0x4ef (size before relaxing)
 .debug_str     0x00000000000017b6       0xd2 fs/tfs.o
                                        0x471 (size before relaxing)
 .debug_str     0x0000000000001888       0x34 fs/filesystems.o
                                        0x2ed (size before relaxing)
 .debug_str     0x00000000000018bc      0x222 net/network.o
                                        0x42d (size before relaxing)
 .debug_str     0x0000000000001ade       0x36 net/protocols.o
                                        0x158 (size before relaxing)
 .debug_str     0x0000000000001b14       0xa1 net/socket.o
                                        0x217 (size before relaxing)
 .debug_str     0x0000000000001bb5      0x133 net/pop.o
                                        0x3ab (size before relaxing)

.debug_frame    0x0000000000000000     0x1be0
 .debug_frame   0x0000000000000000       0x90 init/main.o
 .debug_frame   0x0000000000000090       0x38 kernel/panic.o
 .debug_frame   0x00000000000000c8       0x9c kernel/kmalloc.o
 .debug_frame   0x0000000000000164       0x98 kernel/interrupt.o
 .debug_frame   0x00000000000001fc      0x120 kernel/thread.o
 .debug_frame   0x000000000000031c       0xa4 kernel/scheduler.o
 .debug_frame   0x00000000000003c0       0xc8 kernel/sleepq.o
 .debug_frame   0x0000000000000488       0xc8 kernel/semaphore.o
 .debug_frame   0x0000000000000550       0x50 kernel/exception.o
 .debug_frame   0x00000000000005a0       0x2c kernel/halt.o
 .debug_frame   0x00000000000005cc       0xb8 lib/libc.o
 .debug_frame   0x0000000000000684      0x118 lib/xprintf.o
 .debug_frame   0x000000000000079c       0xe4 lib/bitmap.o
 .debug_frame   0x0000000000000880       0x30 lib/debug.o
 .debug_frame   0x00000000000008b0       0x40 drivers/polltty.o
 .debug_frame   0x00000000000008f0       0x30 drivers/timer.o
 .debug_frame   0x0000000000000920       0x4c drivers/bootargs.o
 .debug_frame   0x000000000000096c       0x54 drivers/device.o
 .debug_frame   0x00000000000009c0       0xd4 drivers/tty.o
 .debug_frame   0x0000000000000a94      0x144 drivers/disk.o
 .debug_frame   0x0000000000000bd8       0x20 drivers/disksched.o
 .debug_frame   0x0000000000000bf8      0x17c drivers/metadev.o
 .debug_frame   0x0000000000000d74       0x34 proc/exception.o
 .debug_frame   0x0000000000000da8       0x48 proc/elf.o
 .debug_frame   0x0000000000000df0      0x1b4 proc/process.o
 .debug_frame   0x0000000000000fa4       0xbc proc/syscall.o
 .debug_frame   0x0000000000001060       0xdc proc/usr_semaphore.o
 .debug_frame   0x000000000000113c       0xf0 vm/vm.o
 .debug_frame   0x000000000000122c       0x8c vm/pagepool.o
 .debug_frame   0x00000000000012b8       0xe4 vm/tlb.o
 .debug_frame   0x000000000000139c      0x344 fs/vfs.o
 .debug_frame   0x00000000000016e0      0x1d0 fs/tfs.o
 .debug_frame   0x00000000000018b0       0x40 fs/filesystems.o
 .debug_frame   0x00000000000018f0      0x110 net/network.o
 .debug_frame   0x0000000000001a00       0x40 net/protocols.o
 .debug_frame   0x0000000000001a40       0xa4 net/socket.o
 .debug_frame   0x0000000000001ae4       0xfc net/pop.o

Cross Reference Table

Symbol                                            File
DEBUG                                             lib/debug.o
                                                  init/main.o
KERNEL_ENDS_HERE                                  kernel/kmalloc.o
_cswitch_switch                                   kernel/cswitch.o
_cswitch_to_userland                              kernel/cswitch.o
                                                  kernel/thread.o
_cswitch_vector_code                              kernel/cswitch.o
                                                  kernel/interrupt.o
_get_rand                                         lib/rand.o
                                                  kernel/scheduler.o
_idle_thread_wait_loop                            kernel/idle.o
                                                  kernel/thread.o
                                                  init/_boot.o
_interrupt_clear_EXL                              kernel/_interrupt.o
                                                  proc/exception.o
                                                  kernel/exception.o
_interrupt_clear_bootstrap                        kernel/_interrupt.o
                                                  init/main.o
                                                  init/_boot.o
_interrupt_clear_sw                               kernel/_interrupt.o
_interrupt_clear_sw0                              kernel/_interrupt.o
                                                  kernel/interrupt.o
_interrupt_clear_sw1                              kernel/_interrupt.o
_interrupt_disable                                kernel/_interrupt.o
                                                  vm/pagepool.o
                                                  proc/usr_semaphore.o
                                                  proc/process.o
                                                  proc/exception.o
                                                  drivers/metadev.o
                                                  drivers/disk.o
                                                  drivers/tty.o
                                                  drivers/timer.o
                                                  lib/xprintf.o
                                                  kernel/exception.o
                                                  kernel/semaphore.o
                                                  kernel/sleepq.o
                                                  kernel/scheduler.o
                                                  kernel/thread.o
                                                  kernel/panic.o
_interrupt_enable                                 kernel/_interrupt.o
                                                  proc/exception.o
                                                  kernel/thread.o
                                                  init/main.o
                                                  init/_boot.o
_interrupt_generate_sw0                           kernel/_interrupt.o
                                                  kernel/thread.o
                                                  init/_boot.o
_interrupt_get_state                              kernel/_interrupt.o
                                                  kernel/sleepq.o
_interrupt_getcpu                                 kernel/_interrupt.o
                                                  drivers/metadev.o
                                                  kernel/scheduler.o
                                                  kernel/thread.o
                                                  kernel/interrupt.o
                                                  kernel/panic.o
_interrupt_set_EXL                                kernel/_interrupt.o
                                                  proc/exception.o
                                                  kernel/exception.o
_interrupt_set_state                              kernel/_interrupt.o
                                                  vm/pagepool.o
                                                  proc/usr_semaphore.o
                                                  proc/process.o
                                                  drivers/metadev.o
                                                  drivers/disk.o
                                                  drivers/tty.o
                                                  drivers/timer.o
                                                  lib/xprintf.o
                                                  kernel/exception.o
                                                  kernel/semaphore.o
                                                  kernel/sleepq.o
                                                  kernel/scheduler.o
                                                  kernel/thread.o
_kernel_panic                                     kernel/panic.o
                                                  net/pop.o
                                                  net/socket.o
                                                  net/network.o
                                                  fs/vfs.o
                                                  vm/tlb.o
                                                  vm/pagepool.o
                                                  vm/vm.o
                                                  proc/syscall.o
                                                  proc/process.o
                                                  proc/exception.o
                                                  drivers/metadev.o
                                                  drivers/disk.o
                                                  drivers/tty.o
                                                  lib/bitmap.o
                                                  kernel/exception.o
                                                  kernel/semaphore.o
                                                  kernel/sleepq.o
                                                  kernel/scheduler.o
                                                  kernel/thread.o
                                                  kernel/interrupt.o
                                                  kernel/kmalloc.o
                                                  init/main.o
_set_rand_seed                                    lib/rand.o
                                                  init/main.o
_start                                            init/_boot.o
_timer_set_ticks                                  drivers/_timer.o
                                                  drivers/timer.o
_tlb_get_exception_state                          vm/_tlb.o
                                                  vm/tlb.o
                                                  kernel/exception.o
_tlb_get_maxindex                                 vm/_tlb.o
                                                  vm/tlb.o
                                                  proc/process.o
_tlb_probe                                        vm/_tlb.o
_tlb_read                                         vm/_tlb.o
_tlb_set_asid                                     vm/_tlb.o
                                                  vm/tlb.o
                                                  proc/process.o
                                                  kernel/interrupt.o
_tlb_write                                        vm/_tlb.o
                                                  vm/tlb.o
_tlb_write_random                                 vm/_tlb.o
                                                  vm/tlb.o
alloc_process_id                                  proc/process.o
atoi                                              lib/libc.o
                                                  init/main.o
bitmap_findnset                                   lib/bitmap.o
                                                  fs/tfs.o
                                                  vm/pagepool.o
bitmap_get                                        lib/bitmap.o
                                                  fs/tfs.o
                                                  vm/pagepool.o
bitmap_init                                       lib/bitmap.o
                                                  vm/pagepool.o
bitmap_set                                        lib/bitmap.o
                                                  fs/tfs.o
                                                  vm/pagepool.o
bitmap_sizeof                                     lib/bitmap.o
                                                  vm/pagepool.o
bootargs_get                                      drivers/bootargs.o
                                                  lib/debug.o
                                                  init/main.o
bootargs_init                                     drivers/bootargs.o
                                                  init/main.o
cpustatus_count                                   drivers/metadev.o
                                                  init/main.o
cpustatus_generate_irq                            drivers/metadev.o
cpustatus_init                                    drivers/metadev.o
                                                  drivers/drivers.o
cpustatus_interrupt_handle                        drivers/metadev.o
device_get                                        drivers/device.o
                                                  net/network.o
                                                  fs/vfs.o
                                                  proc/syscall.o
                                                  init/main.o
device_init                                       drivers/device.o
                                                  init/main.o
disk_init                                         drivers/disk.o
                                                  drivers/drivers.o
disksched_schedule                                drivers/disksched.o
                                                  drivers/disk.o
drivers_available                                 drivers/drivers.o
                                                  drivers/device.o
elf_parse_header                                  proc/elf.o
                                                  proc/process.o
filesystems_try_all                               fs/filesystems.o
                                                  fs/vfs.o
finish_given_process                              proc/process.o
halt_kernel                                       kernel/halt.o
                                                  proc/syscall.o
                                                  init/main.o
init                                              init/main.o
                                                  init/_boot.o
init_startup_fallback                             init/main.o
init_startup_thread                               init/main.o
interrupt_handle                                  kernel/interrupt.o
                                                  kernel/cswitch.o
interrupt_init                                    kernel/interrupt.o
                                                  init/main.o
interrupt_register                                kernel/interrupt.o
                                                  drivers/metadev.o
                                                  drivers/disk.o
                                                  drivers/tty.o
interrupt_stacks                                  kernel/interrupt.o
                                                  kernel/cswitch.o
kernel_bootstrap_finished                         init/main.o
                                                  init/_boot.o
kernel_exception_handle                           kernel/exception.o
                                                  kernel/cswitch.o
kmalloc                                           kernel/kmalloc.o
                                                  vm/pagepool.o
                                                  drivers/metadev.o
                                                  drivers/disk.o
                                                  drivers/tty.o
                                                  drivers/bootargs.o
                                                  kernel/interrupt.o
kmalloc_disable                                   kernel/kmalloc.o
                                                  vm/vm.o
kmalloc_get_numpages                              kernel/kmalloc.o
                                                  vm/pagepool.o
kmalloc_get_reserved_pages                        kernel/kmalloc.o
                                                  vm/pagepool.o
kmalloc_init                                      kernel/kmalloc.o
                                                  init/main.o
kprintf                                           lib/xprintf.o
                                                  net/network.o
                                                  fs/filesystems.o
                                                  fs/tfs.o
                                                  fs/vfs.o
                                                  vm/tlb.o
                                                  vm/pagepool.o
                                                  vm/vm.o
                                                  drivers/metadev.o
                                                  drivers/disk.o
                                                  drivers/device.o
                                                  kernel/halt.o
                                                  kernel/exception.o
                                                  kernel/interrupt.o
                                                  kernel/kmalloc.o
                                                  kernel/panic.o
                                                  init/main.o
kprintf_slock                                     lib/xprintf.o
                                                  drivers/tty.o
kread                                             lib/libc.o
kvprintf                                          lib/xprintf.o
                                                  lib/debug.o
kwrite                                            lib/libc.o
                                                  init/main.o
memcopy                                           lib/libc.o
                                                  net/pop.o
                                                  net/network.o
                                                  fs/tfs.o
meminfo_get_pages                                 drivers/metadev.o
meminfo_init                                      drivers/metadev.o
                                                  drivers/drivers.o
memoryset                                         lib/libc.o
                                                  fs/tfs.o
                                                  proc/process.o
                                                  proc/elf.o
network_free_frame                                net/network.o
                                                  net/pop.o
network_get_broadcast_address                     net/network.o
network_get_loopback_address                      net/network.o
network_get_mtu                                   net/network.o
                                                  net/pop.o
network_get_source_address                        net/network.o
network_init                                      net/network.o
                                                  init/main.o
network_interfaces                                net/network.o
network_protocols                                 net/protocols.o
network_send                                      net/network.o
                                                  net/pop.o
open_sockets                                      net/socket.o
                                                  net/pop.o
open_sockets_sem                                  net/socket.o
                                                  net/pop.o
pagepool_free_phys_page                           vm/pagepool.o
                                                  net/network.o
                                                  fs/tfs.o
                                                  vm/vm.o
pagepool_get_phys_page                            vm/pagepool.o
                                                  net/pop.o
                                                  net/network.o
                                                  fs/tfs.o
                                                  vm/vm.o
                                                  proc/syscall.o
                                                  proc/process.o
pagepool_init                                     vm/pagepool.o
                                                  vm/vm.o
polltty_getchar                                   drivers/polltty.o
                                                  lib/libc.o
polltty_init                                      drivers/polltty.o
                                                  init/main.o
polltty_putchar                                   drivers/polltty.o
                                                  lib/xprintf.o
                                                  lib/libc.o
pop_init                                          net/pop.o
                                                  net/protocols.o
pop_push_frame                                    net/pop.o
                                                  net/protocols.o
process_finish                                    proc/process.o
                                                  proc/syscall.o
process_get_current_process                       proc/process.o
process_get_current_process_entry                 proc/process.o
                                                  proc/syscall.o
process_init                                      proc/process.o
                                                  init/main.o
process_join                                      proc/process.o
                                                  proc/syscall.o
                                                  init/main.o
process_reset                                     proc/process.o
process_spawn                                     proc/process.o
                                                  proc/syscall.o
                                                  init/main.o
process_start                                     proc/process.o
process_table                                     proc/process.o
process_table_slock                               proc/process.o
protocols_get_frame_handler                       net/protocols.o
                                                  net/network.o
protocols_init                                    net/protocols.o
                                                  net/network.o
rtc_get_clockspeed                                drivers/metadev.o
rtc_get_msec                                      drivers/metadev.o
                                                  net/pop.o
rtc_init                                          drivers/metadev.o
                                                  drivers/drivers.o
scheduler_add_ready                               kernel/scheduler.o
                                                  kernel/thread.o
scheduler_add_to_ready_list                       kernel/scheduler.o
                                                  kernel/sleepq.o
scheduler_current_thread                          kernel/scheduler.o
                                                  kernel/thread.o
                                                  kernel/interrupt.o
                                                  kernel/cswitch.o
scheduler_init                                    kernel/scheduler.o
                                                  init/main.o
scheduler_schedule                                kernel/scheduler.o
                                                  kernel/interrupt.o
semaphore_P                                       kernel/semaphore.o
                                                  net/pop.o
                                                  net/socket.o
                                                  fs/tfs.o
                                                  fs/vfs.o
                                                  proc/usr_semaphore.o
                                                  drivers/disk.o
semaphore_V                                       kernel/semaphore.o
                                                  net/pop.o
                                                  net/socket.o
                                                  fs/tfs.o
                                                  fs/vfs.o
                                                  proc/usr_semaphore.o
                                                  drivers/disk.o
semaphore_create                                  kernel/semaphore.o
                                                  net/pop.o
                                                  net/socket.o
                                                  fs/tfs.o
                                                  fs/vfs.o
                                                  proc/usr_semaphore.o
                                                  drivers/disk.o
semaphore_destroy                                 kernel/semaphore.o
                                                  net/socket.o
                                                  fs/tfs.o
                                                  proc/usr_semaphore.o
                                                  drivers/disk.o
semaphore_init                                    kernel/semaphore.o
                                                  init/main.o
shutdown                                          drivers/metadev.o
                                                  kernel/halt.o
                                                  kernel/panic.o
shutdown_init                                     drivers/metadev.o
                                                  drivers/drivers.o
sleepq_add                                        kernel/sleepq.o
                                                  proc/process.o
                                                  drivers/tty.o
                                                  kernel/semaphore.o
sleepq_init                                       kernel/sleepq.o
                                                  init/main.o
sleepq_wake                                       kernel/sleepq.o
                                                  proc/process.o
                                                  kernel/semaphore.o
sleepq_wake_all                                   kernel/sleepq.o
                                                  drivers/tty.o
snprintf                                          lib/xprintf.o
                                                  init/main.o
socket_close                                      net/socket.o
socket_init                                       net/socket.o
                                                  net/network.o
socket_open                                       net/socket.o
socket_recvfrom                                   net/pop.o
socket_sendto                                     net/pop.o
spinlock_acquire                                  kernel/_spinlock.o
                                                  vm/pagepool.o
                                                  proc/usr_semaphore.o
                                                  proc/process.o
                                                  drivers/metadev.o
                                                  drivers/disk.o
                                                  drivers/tty.o
                                                  lib/xprintf.o
                                                  kernel/semaphore.o
                                                  kernel/sleepq.o
                                                  kernel/scheduler.o
                                                  kernel/thread.o
spinlock_release                                  kernel/_spinlock.o
                                                  vm/pagepool.o
                                                  proc/usr_semaphore.o
                                                  proc/process.o
                                                  drivers/metadev.o
                                                  drivers/disk.o
                                                  drivers/tty.o
                                                  lib/xprintf.o
                                                  kernel/semaphore.o
                                                  kernel/sleepq.o
                                                  kernel/scheduler.o
                                                  kernel/thread.o
spinlock_reset                                    kernel/_spinlock.o
                                                  vm/pagepool.o
                                                  proc/usr_semaphore.o
                                                  proc/process.o
                                                  drivers/metadev.o
                                                  drivers/disk.o
                                                  drivers/tty.o
                                                  kernel/semaphore.o
                                                  kernel/sleepq.o
                                                  kernel/thread.o
stringcmp                                         lib/libc.o
                                                  fs/tfs.o
                                                  fs/vfs.o
                                                  proc/usr_semaphore.o
stringcopy                                        lib/libc.o
                                                  fs/tfs.o
                                                  fs/vfs.o
                                                  proc/usr_semaphore.o
                                                  proc/process.o
strlen                                            lib/libc.o
                                                  proc/usr_semaphore.o
                                                  drivers/bootargs.o
syscall_handle                                    proc/syscall.o
                                                  proc/exception.o
syscall_memlimit                                  proc/syscall.o
syscall_read                                      proc/syscall.o
syscall_sem_destroy                               proc/usr_semaphore.o
                                                  proc/syscall.o
syscall_sem_open                                  proc/usr_semaphore.o
                                                  proc/syscall.o
syscall_sem_p                                     proc/usr_semaphore.o
                                                  proc/syscall.o
syscall_sem_v                                     proc/usr_semaphore.o
                                                  proc/syscall.o
syscall_write                                     proc/syscall.o
tfs_close                                         fs/tfs.o
tfs_create                                        fs/tfs.o
tfs_getfree                                       fs/tfs.o
tfs_init                                          fs/tfs.o
                                                  fs/filesystems.o
tfs_open                                          fs/tfs.o
tfs_read                                          fs/tfs.o
tfs_remove                                        fs/tfs.o
tfs_unmount                                       fs/tfs.o
tfs_write                                         fs/tfs.o
thread_create                                     kernel/thread.o
                                                  net/pop.o
                                                  net/network.o
                                                  proc/process.o
                                                  init/main.o
thread_finish                                     kernel/thread.o
                                                  proc/process.o
thread_get_current_thread                         kernel/thread.o
                                                  proc/process.o
                                                  kernel/semaphore.o
                                                  kernel/sleepq.o
                                                  kernel/interrupt.o
thread_get_current_thread_entry                   kernel/thread.o
                                                  vm/tlb.o
                                                  proc/syscall.o
                                                  proc/process.o
                                                  proc/exception.o
thread_goto_userland                              kernel/thread.o
                                                  proc/process.o
thread_run                                        kernel/thread.o
                                                  net/pop.o
                                                  net/network.o
                                                  proc/process.o
                                                  init/main.o
thread_stack_areas                                kernel/thread.o
thread_switch                                     kernel/thread.o
                                                  proc/process.o
                                                  drivers/tty.o
                                                  kernel/semaphore.o
                                                  init/main.o
thread_table                                      kernel/thread.o
                                                  kernel/sleepq.o
                                                  kernel/scheduler.o
                                                  kernel/cswitch.o
thread_table_init                                 kernel/thread.o
                                                  init/main.o
thread_table_slock                                kernel/thread.o
                                                  kernel/sleepq.o
                                                  kernel/scheduler.o
timer_set_ticks                                   drivers/timer.o
                                                  kernel/scheduler.o
tlb_fill                                          vm/tlb.o
tlb_load_exception                                vm/tlb.o
                                                  proc/exception.o
                                                  kernel/exception.o
tlb_modified_exception                            vm/tlb.o
                                                  proc/exception.o
                                                  kernel/exception.o
tlb_store_exception                               vm/tlb.o
                                                  proc/exception.o
                                                  kernel/exception.o
tty_init                                          drivers/tty.o
                                                  drivers/drivers.o
tty_interrupt_handle                              drivers/tty.o
user_exception_handle                             proc/exception.o
                                                  kernel/cswitch.o
usr_semaphore_init                                proc/usr_semaphore.o
                                                  init/main.o
vfs_close                                         fs/vfs.o
vfs_create                                        fs/vfs.o
vfs_deinit                                        fs/vfs.o
                                                  kernel/halt.o
vfs_getfree                                       fs/vfs.o
vfs_init                                          fs/vfs.o
                                                  init/main.o
vfs_mount                                         fs/vfs.o
vfs_mount_all                                     fs/vfs.o
                                                  init/main.o
vfs_mount_fs                                      fs/vfs.o
vfs_open                                          fs/vfs.o
                                                  proc/process.o
vfs_read                                          fs/vfs.o
                                                  proc/process.o
                                                  proc/elf.o
vfs_remove                                        fs/vfs.o
vfs_seek                                          fs/vfs.o
                                                  proc/process.o
                                                  proc/elf.o
vfs_unmount                                       fs/vfs.o
vfs_write                                         fs/vfs.o
vm_create_pagetable                               vm/vm.o
                                                  proc/process.o
vm_destroy_pagetable                              vm/vm.o
                                                  proc/process.o
vm_init                                           vm/vm.o
                                                  init/main.o
vm_map                                            vm/vm.o
                                                  proc/syscall.o
                                                  proc/process.o
vm_set_dirty                                      vm/vm.o
                                                  proc/process.o
vm_unmap                                          vm/vm.o
vsnprintf                                         lib/xprintf.o
